// Jest Snapshot v1, https://goo.gl/fbAQLP

exports[`PageContent renders correctly 1`] = `
<Fragment>
  <h1
    className="title"
  >
    Test Page
  </h1>
</Fragment>
`;

exports[`PageContent renders correctly with default props 1`] = `<Fragment />`;
