// Jest Snapshot v1, https://goo.gl/fbAQLP

exports[`SocialMediaLink renders correctly 1`] = `
<a
  className="link"
  href="https://github.com/ajdurancr"
>
  <Image
    alt="GitHub"
    className=""
    src="/images/github-light.svg"
  />
</a>
`;
