// Jest Snapshot v1, https://goo.gl/fbAQLP

exports[`CallToAction renders correctly 1`] = `
<a
  href="/test/link"
>
  Test link
</a>
`;
